///////////////////////////////////////////////////////////////////////////////////////////////
////////////////////////////  FINITE DIFFERENCE 2D HARTREE-FOCK  ////////////////////////////// 
////////////////////////////             version 3.0             ////////////////////////////// 
///////////////////////////////////////////////////////////////////////////////////////////////
 ... start of input data ...
  title Be                                                                        
  method hf                                                                       
  nuclei 4.0 0.0 2.0                                                              
  config 0                                                                        
  1 sigma + -                                                                     
  1 sigma + - end                                                                 
  grid 151 35.0                                                                   
  orbpot hf                                                                       
  lcao                                                                            
      Warning! Label LCAO is incompatible with ORBPOT HF|LDA card.
      This and the following  2 LACO cards are read but ignored.
  1.0 1 0 1.0  0.0 1 0 1.0                                                        
  scf 3000 10 12 10 3                                                             
  conv 3000                                                                       
  stop                                                                            
 ... end of input data  ...
         

   Atomic/molecular system: 

          Be(  4.00)      (  0.00)   R =  2.00000 bohr = 1.05835 angstroms

   Method: HF

   Nuclear potential: Coulomb

   Electronic configuration:

           2  sigma      + - 
           1  sigma      + - 


          total charge            =  0
          number of
              electrons           =  4
              orbitals            =  2
              Coulomb potentials  =  2
              exchange potentials =  1

   Grid:
          nu (h_nu)  =  151  (0.02094)
          mu (h_mu)  =  181  (0.02360)
          R_infty    =  35.00

   SCF: 
          thresholds
              scf iterations           =  1000
              orbital energy           = 1.00E-10
              orbital norm             = 1.00E-10
              multipole moments recalc = 1.15E+00  (mpole=4)

          orbitals are kept frozen
          Coulomb potentials are relaxed
          exchange potential for each pair of orbitals is relaxed once per single scf iteration

          multipole expansion coefficients =  4

   (MC)SOR:
          SOR method used for relaxing orbitals

          maximal number of Coulomb+exchange potentials per orbital =  2

          micro and macro SOR iterations for orbitals   =  10  1
          micro and macro SOR iterations for potentials =  10  1

          ordering: middle

          overrelaxation parameters:   orbitals       potentials 
                                        1.917       1.973   1.973

   Machine accuracy      =    2.22E-16

   Constants: 
               pi        =    3.1415926535897931E+00
               bohr      =    5.2917721067121204E-01 angstroms


   Memory usage:
          text+data                                      0.9 MB 
          bss (common block contributions)              64.7 MB
          dynamical allocation                          10.0 MB 
              orbitals                                   0.4 MB
              Coulomb potentials                         0.8 MB
              exchange potentials                        1.9 MB
///////////////////////////////////////////////////////////////////////////////////////////////
 ... initializing molecular orbitals from HF functions ...
 Asigma iorb,co1,co2,eh,n,l   2   1.0   0.0     -4.7327    1    0
 Asigma iorb,co1,co2,eh,n,l   1   1.0   0.0     -0.3093    2    0

 ... initializing Coulomb potentials (pottf) ...
 ... initializing exchange potentials ...
 ... initializing multipole moment coefficients ...
 ... initializing Lagrange multipliers ...

     orbitals kept frozen until potentials get converged:
       2 sigma    
       1 sigma    
     total energy:                 -2.2671868894540399E+01
     total electronic energy:      -2.2671868894540399E+01
     virial ratio:                 -2.5557431007994160E+00

   scf  orbital              energy               energy diff.      1-norm          overlap
   ---  -------      -----------------------      ------------     ---------        --------
           
 ... initial relaxation of potentials with fixed orbitals reached the threshold ...
 ... SCF continues with both orbitals and potentials being relaxed ...
   20   1 sigma       -5.3026698003902482E+00        4.71E-02       -4.51E-03
   20   2 sigma       -9.4989927312580458E-01        4.25E-02       -5.61E-02

       total energy: -1.5915484074853167E+01

 ... saving data to disk ...
   40   2 sigma       -4.1637525593340774E-01        1.23E-02       -1.11E-03
   40   2 sigma       -4.1637525593340774E-01        1.23E-02       -1.11E-03

       total energy: -1.4812467074194098E+01

 ... saving data to disk ...
   60   2 sigma       -3.1961420833267029E-01        1.34E-03        7.51E-04
   60   2 sigma       -3.1961420833267029E-01        1.34E-03        7.51E-04

       total energy: -1.4600592495859459E+01

 ... saving data to disk ...
   80   2 sigma       -3.0995906104660387E-01        1.17E-04        3.02E-04
   80   2 sigma       -3.0995906104660387E-01        1.17E-04        3.02E-04

       total energy: -1.4575958609380962E+01

 ... saving data to disk ...
  100   1 sigma       -4.7321705969199730E+00       -3.61E-05        3.66E-06
  100   2 sigma       -3.0924038310835900E-01        4.36E-06        7.19E-05

       total energy: -1.4573285435818304E+01

 ... saving data to disk ...
  120   1 sigma       -4.7325590319240902E+00       -9.14E-06        9.01E-07
  120   2 sigma       -3.0924567158146177E-01       -1.33E-06        1.41E-05

       total energy: -1.4573036752049124E+01

 ... saving data to disk ...
  140   1 sigma       -4.7326484305756464E+00       -1.89E-06        1.84E-07
  140   2 sigma       -3.0926327295127432E-01       -4.85E-07        2.50E-06

       total energy: -1.4573021645462559E+01

 ... saving data to disk ...
  160   1 sigma       -4.7326660869437802E+00       -3.51E-07        3.41E-08
  160   2 sigma       -3.0926826306455668E-01       -1.11E-07        4.09E-07

       total energy: -1.4573022473664903E+01

 ... saving data to disk ...
  180   1 sigma       -4.7326692639751329E+00       -6.04E-08        5.85E-09
  180   2 sigma       -3.0926931799856994E-01       -2.14E-08        6.29E-08

       total energy: -1.4573023007279557E+01

 ... saving data to disk ...
  200   1 sigma       -4.7326697978256522E+00       -9.79E-09        9.46E-10
  200   2 sigma       -3.0926951258086155E-01       -3.72E-09        9.09E-09

       total energy: -1.4573023137848432E+01

 ... saving data to disk ...
  220   1 sigma       -4.7326698825595166E+00       -1.50E-09        1.45E-10
  220   2 sigma       -3.0926954545756868E-01       -6.02E-10        1.23E-09

       total energy: -1.4573023163060105E+01

 ... saving data to disk ...
  240   1 sigma       -4.7326698953192210E+00       -2.19E-10        2.11E-11
  240   2 sigma       -3.0926955064610517E-01       -9.14E-11        1.51E-10

       total energy: -1.4573023167359315E+01

 ... saving data to disk ...
           
 ... orbital normalization threshold reached ...
 ... saving data to disk ...

     total energy:                 -1.4573023167779406E+01
     total electronic energy:      -1.4573023167779406E+01
     virial ratio:                 -1.9999999997589750E+00

     (MC)SOR iterations:               12060

     nuclear attraction energy:           -33.635190609459
     kinetic energy:                       14.573023171292
     one-electron energy:                 -19.062167438167
     Coulomb energy:                        4.539842216547
     exchange energy:                      -0.050697946159
     nuclear repulsion energy:              0.000000000000
     Coulomb energy (DFT/LXC):              4.539842216547
     exchange energy (DFT/LXC):            -0.050697946159

        orbital                 energy             1-norm
      2 sigma          -3.0926955113181198E-01   -6.27E-11
      1 sigma          -4.7326698964751799E+00   -9.60E-12


     total energy uncertainty due to orbital norms not being equal 1:
     absolute = +/-0.19E-09,  relative = +/-0.13E-08%
///////////////////////////////////////////////////////////////////////////////////////////////
 CPU summary (sec):
    Lagrange multipliers ......................     0.35
    normalization+orthogonalization ...........     0.06
    multipole moments .........................     0.22
    total energy ..............................     0.04
    relaxation of orbitals ....................     2.64
    relaxation of Coulomb & exchange potentials     4.01
    relaxation of orbitals & potentials .......     6.65
    SCF iterations ............................     7.29

 System clock summary (sec):
    multipole moments .........................     0.23
    relaxation of orbitals ....................     2.66
    relaxation of Coulomb & exchange potentials     4.04
    relaxation of orbitals & potentials .......     6.70
///////////////////////////////////////////////////////////////////////////////////////////////
       start:  2026/06/02  21:52:50.04                                                         
        stop:  2026/06/02  21:52:57.76                                                         
  start-stop:                     7.72

command-line:  /home/jkob/github/x2dhf/bin/xhf saas-02 tmp
      system:  Linux polon 4.18.0-553.120.1.el8_10.x86_64 x86_64 x86_64 GNU/Linux
         CPU:  QEMU Virtual CPU version 2.5+ / CPU(s)=26
////////////////////////////////////////////////////////////////////////////////////////////////
